interactions:
- request:
    body: '{"location": "canadacentral"}'
    headers:
      Accept:
      - application/json
      Accept-Encoding:
      - gzip, deflate
      CommandName:
      - batch account create
      Connection:
      - keep-alive
      Content-Length:
      - '29'
      Content-Type:
      - application/json; charset=utf-8
      ParameterSetName:
      - -n -g -l
      User-Agent:
      - python/3.8.3 (Windows-10-10.0.19041-SP0) msrest/0.6.18 msrest_azure/0.6.3
        azure-mgmt-batch/9.0.0 Azure-SDK-For-Python AZURECLI/2.15.1
      accept-language:
      - en-US
    method: PUT
    uri: https://management.azure.com/subscriptions/00000000-0000-0000-0000-000000000000/resourceGroups/clitest.rg000001/providers/Microsoft.Batch/batchAccounts/clibatch000002?api-version=2020-05-01
  response:
    body:
      string: ''
    headers:
      cache-control:
      - no-cache
      content-length:
      - '0'
      date:
      - Tue, 24 Nov 2020 18:44:28 GMT
      expires:
      - '-1'
      location:
      - https://management.azure.com/subscriptions/00000000-0000-0000-0000-000000000000/resourceGroups/clitest.rg000001/providers/Microsoft.Batch/batchAccounts/clibatch000002/operationResults/49cdd3f3-c041-4e26-ac13-6415f563587c?api-version=2020-05-01
      pragma:
      - no-cache
      server:
      - Microsoft-HTTPAPI/2.0
      strict-transport-security:
      - max-age=31536000; includeSubDomains
      x-content-type-options:
      - nosniff
      x-ms-ratelimit-remaining-subscription-writes:
      - '1198'
    status:
      code: 202
      message: Accepted
- request:
    body: null
    headers:
      Accept:
      - application/json
      Accept-Encoding:
      - gzip, deflate
      CommandName:
      - batch account create
      Connection:
      - keep-alive
      ParameterSetName:
      - -n -g -l
      User-Agent:
      - python/3.8.3 (Windows-10-10.0.19041-SP0) msrest/0.6.18 msrest_azure/0.6.3
        azure-mgmt-batch/9.0.0 Azure-SDK-For-Python AZURECLI/2.15.1
    method: GET
    uri: https://management.azure.com/subscriptions/00000000-0000-0000-0000-000000000000/resourceGroups/clitest.rg000001/providers/Microsoft.Batch/batchAccounts/clibatch000002/operationResults/49cdd3f3-c041-4e26-ac13-6415f563587c?api-version=2020-05-01
  response:
    body:
      string: '{"id":"/subscriptions/00000000-0000-0000-0000-000000000000/resourceGroups/clitest.rg000001/providers/Microsoft.Batch/batchAccounts/clibatch000002","name":"clibatch000002","type":"Microsoft.Batch/batchAccounts","location":"canadacentral","properties":{"accountEndpoint":"clibatch000002.canadacentral.batch.azure.com","provisioningState":"Succeeded","dedicatedCoreQuota":700,"dedicatedCoreQuotaPerVMFamily":[{"name":"standardAv2Family","coreQuota":100},{"name":"standardDv2Family","coreQuota":100},{"name":"standardDv3Family","coreQuota":100},{"name":"standardEv3Family","coreQuota":50},{"name":"standardDSv2Family","coreQuota":100},{"name":"standardDSv3Family","coreQuota":100},{"name":"standardESv3Family","coreQuota":50},{"name":"standardFFamily","coreQuota":50},{"name":"standardFSFamily","coreQuota":50},{"name":"standardA0_A7Family","coreQuota":0},{"name":"standardA8_A11Family","coreQuota":0},{"name":"standardDFamily","coreQuota":0},{"name":"standardGFamily","coreQuota":0},{"name":"basicAFamily","coreQuota":0},{"name":"standardNVFamily","coreQuota":0},{"name":"standardNVPromoFamily","coreQuota":0},{"name":"standardNCFamily","coreQuota":0},{"name":"standardNCPromoFamily","coreQuota":0},{"name":"standardHFamily","coreQuota":0},{"name":"standardHPromoFamily","coreQuota":0},{"name":"standardMSFamily","coreQuota":0},{"name":"standardDSFamily","coreQuota":0},{"name":"standardGSFamily","coreQuota":0},{"name":"standardLSFamily","coreQuota":0},{"name":"standardLSv2Family","coreQuota":0},{"name":"standardNCSv2Family","coreQuota":0},{"name":"standardNDSFamily","coreQuota":0},{"name":"standardNCSv3Family","coreQuota":0},{"name":"standardFSv2Family","coreQuota":0},{"name":"standardHBSFamily","coreQuota":0},{"name":"standardHCSFamily","coreQuota":0},{"name":"standardNVSv3Family","coreQuota":0},{"name":"standardHBrsv2Family","coreQuota":0},{"name":"standardDAv4Family","coreQuota":0},{"name":"standardDASv4Family","coreQuota":0},{"name":"standardEAv4Family","coreQuota":0},{"name":"standardEASv4Family","coreQuota":0},{"name":"standardDDv4Family","coreQuota":0},{"name":"standardDDSv4Family","coreQuota":0},{"name":"standardEDv4Family","coreQuota":0},{"name":"standardEDSv4Family","coreQuota":0},{"name":"standardMSv2Family","coreQuota":0},{"name":"standardEIv3Family","coreQuota":0},{"name":"standardNVSv4Family","coreQuota":0},{"name":"standardXEISv4Family","coreQuota":0},{"name":"standardXEIDSv4Family","coreQuota":0}],"dedicatedCoreQuotaPerVMFamilyEnforced":false,"lowPriorityCoreQuota":500,"poolQuota":100,"activeJobAndJobScheduleQuota":300,"poolAllocationMode":"BatchService","publicNetworkAccess":"Enabled","encryption":{"keySource":"Microsoft.Batch"}},"identity":{"type":"None"}}'
    headers:
      cache-control:
      - no-cache
      content-length:
      - '2786'
      content-type:
      - application/json; charset=utf-8
      date:
      - Tue, 24 Nov 2020 18:44:43 GMT
      etag:
      - '"0x8D890A9029904D3"'
      expires:
      - '-1'
      last-modified:
      - Tue, 24 Nov 2020 18:44:44 GMT
      pragma:
      - no-cache
      server:
      - Microsoft-HTTPAPI/2.0
      strict-transport-security:
      - max-age=31536000; includeSubDomains
      transfer-encoding:
      - chunked
      vary:
      - Accept-Encoding
      x-content-type-options:
      - nosniff
    status:
      code: 200
      message: OK
- request:
    body: null
    headers:
      Accept:
      - application/json
      Accept-Encoding:
      - gzip, deflate
      CommandName:
      - batch account keys list
      Connection:
      - keep-alive
      Content-Length:
      - '0'
      ParameterSetName:
      - -n -g --query -o
      User-Agent:
      - python/3.8.3 (Windows-10-10.0.19041-SP0) msrest/0.6.18 msrest_azure/0.6.3
        azure-mgmt-batch/9.0.0 Azure-SDK-For-Python AZURECLI/2.15.1
      accept-language:
      - en-US
    method: POST
    uri: https://management.azure.com/subscriptions/00000000-0000-0000-0000-000000000000/resourceGroups/clitest.rg000001/providers/Microsoft.Batch/batchAccounts/clibatch000002/listKeys?api-version=2020-05-01
  response:
    body:
      string: '{"accountName":"clibatch000002","primary":"V7hXf3gEsJHHQ5NrIZHWpkKDg8MIwLjjN0KUzRAWEyo5PZaeytACNkeAPm8Fjb44a4dTAFhIWrmdWMJqcWx73g==","secondary":"z8fzJwyzb6KeGknGzreWTPrJcbO2R+uk+XEGQe4FjZy2R3c2GBBrsHY69Eey8T/4Sv7rvYAKh71l6vMikSOSoA=="}'
    headers:
      cache-control:
      - no-cache
      content-length:
      - '246'
      content-type:
      - application/json; charset=utf-8
      date:
      - Tue, 24 Nov 2020 18:44:44 GMT
      expires:
      - '-1'
      pragma:
      - no-cache
      server:
      - Microsoft-HTTPAPI/2.0
      strict-transport-security:
      - max-age=31536000; includeSubDomains
      transfer-encoding:
      - chunked
      vary:
      - Accept-Encoding
      x-content-type-options:
      - nosniff
      x-ms-ratelimit-remaining-subscription-writes:
      - '1199'
    status:
      code: 200
      message: OK
- request:
    body: null
    headers:
      Accept:
      - application/json
      Accept-Encoding:
      - gzip, deflate
      CommandName:
      - batch account show
      Connection:
      - keep-alive
      ParameterSetName:
      - -n -g
      User-Agent:
      - python/3.8.3 (Windows-10-10.0.19041-SP0) msrest/0.6.18 msrest_azure/0.6.3
        azure-mgmt-batch/9.0.0 Azure-SDK-For-Python AZURECLI/2.15.1
      accept-language:
      - en-US
    method: GET
    uri: https://management.azure.com/subscriptions/00000000-0000-0000-0000-000000000000/resourceGroups/clitest.rg000001/providers/Microsoft.Batch/batchAccounts/clibatch000002?api-version=2020-05-01
  response:
    body:
      string: '{"id":"/subscriptions/00000000-0000-0000-0000-000000000000/resourceGroups/clitest.rg000001/providers/Microsoft.Batch/batchAccounts/clibatch000002","name":"clibatch000002","type":"Microsoft.Batch/batchAccounts","location":"canadacentral","properties":{"accountEndpoint":"clibatch000002.canadacentral.batch.azure.com","provisioningState":"Succeeded","dedicatedCoreQuota":700,"dedicatedCoreQuotaPerVMFamily":[{"name":"standardAv2Family","coreQuota":100},{"name":"standardDv2Family","coreQuota":100},{"name":"standardDv3Family","coreQuota":100},{"name":"standardEv3Family","coreQuota":50},{"name":"standardDSv2Family","coreQuota":100},{"name":"standardDSv3Family","coreQuota":100},{"name":"standardESv3Family","coreQuota":50},{"name":"standardFFamily","coreQuota":50},{"name":"standardFSFamily","coreQuota":50},{"name":"standardA0_A7Family","coreQuota":0},{"name":"standardA8_A11Family","coreQuota":0},{"name":"standardDFamily","coreQuota":0},{"name":"standardGFamily","coreQuota":0},{"name":"basicAFamily","coreQuota":0},{"name":"standardNVFamily","coreQuota":0},{"name":"standardNVPromoFamily","coreQuota":0},{"name":"standardNCFamily","coreQuota":0},{"name":"standardNCPromoFamily","coreQuota":0},{"name":"standardHFamily","coreQuota":0},{"name":"standardHPromoFamily","coreQuota":0},{"name":"standardMSFamily","coreQuota":0},{"name":"standardDSFamily","coreQuota":0},{"name":"standardGSFamily","coreQuota":0},{"name":"standardLSFamily","coreQuota":0},{"name":"standardLSv2Family","coreQuota":0},{"name":"standardNCSv2Family","coreQuota":0},{"name":"standardNDSFamily","coreQuota":0},{"name":"standardNCSv3Family","coreQuota":0},{"name":"standardFSv2Family","coreQuota":0},{"name":"standardHBSFamily","coreQuota":0},{"name":"standardHCSFamily","coreQuota":0},{"name":"standardNVSv3Family","coreQuota":0},{"name":"standardHBrsv2Family","coreQuota":0},{"name":"standardDAv4Family","coreQuota":0},{"name":"standardDASv4Family","coreQuota":0},{"name":"standardEAv4Family","coreQuota":0},{"name":"standardEASv4Family","coreQuota":0},{"name":"standardDDv4Family","coreQuota":0},{"name":"standardDDSv4Family","coreQuota":0},{"name":"standardEDv4Family","coreQuota":0},{"name":"standardEDSv4Family","coreQuota":0},{"name":"standardMSv2Family","coreQuota":0},{"name":"standardEIv3Family","coreQuota":0},{"name":"standardNVSv4Family","coreQuota":0},{"name":"standardXEISv4Family","coreQuota":0},{"name":"standardXEIDSv4Family","coreQuota":0}],"dedicatedCoreQuotaPerVMFamilyEnforced":false,"lowPriorityCoreQuota":500,"poolQuota":100,"activeJobAndJobScheduleQuota":300,"poolAllocationMode":"BatchService","publicNetworkAccess":"Enabled","encryption":{"keySource":"Microsoft.Batch"}},"identity":{"type":"None"}}'
    headers:
      cache-control:
      - no-cache
      content-length:
      - '2786'
      content-type:
      - application/json; charset=utf-8
      date:
      - Tue, 24 Nov 2020 18:44:45 GMT
      etag:
      - '"0x8D890A8FB8B5E73"'
      expires:
      - '-1'
      last-modified:
      - Tue, 24 Nov 2020 18:44:32 GMT
      pragma:
      - no-cache
      server:
      - Microsoft-HTTPAPI/2.0
      strict-transport-security:
      - max-age=31536000; includeSubDomains
      transfer-encoding:
      - chunked
      vary:
      - Accept-Encoding
      x-content-type-options:
      - nosniff
    status:
      code: 200
      message: OK
- request:
    body: '{"id": "xplatJobForTaskTests", "displayName": "displayName", "priority":
      1, "constraints": {"maxWallClockTime": "P1D", "maxTaskRetryCount": 5}, "commonEnvironmentSettings":
      [{"name": "commonName1", "value": "commonValue1"}, {"name": "commonName2", "value":
      "commonValue2"}], "poolInfo": {"poolId": "xplatTestPool"}, "metadata": [{"name":
      "specMeta1", "value": "specMetaValue1"}, {"name": "specMeta2", "value": "specMetaValue2"}]}'
    headers:
      Accept:
      - application/json
      Accept-Encoding:
      - gzip, deflate
      Connection:
      - keep-alive
      Content-Length:
      - '429'
      Content-Type:
      - application/json; odata=minimalmetadata; charset=utf-8
      User-Agent:
      - python/3.8.3 (Windows-10-10.0.19041-SP0) msrest/0.6.18 msrest_azure/0.6.3
        azure-batch/9.0.0 Azure-SDK-For-Python
      accept-language:
      - en-US
      ocp-date:
      - Tue, 24 Nov 2020 18:44:45 GMT
      return-client-request-id:
      - 'false'
    method: POST
    uri: https://clibatch000002.canadacentral.batch.azure.com/jobs?api-version=2020-03-01.11.0&timeout=30
  response:
    body:
      string: ''
    headers:
      dataserviceid:
      - https://clibatchhh2c7xkzw3lqechq.canadacentral.batch.azure.com/jobs/job-1
      dataserviceversion:
      - '3.0'
      date:
      - Tue, 24 Nov 2020 18:44:45 GMT
      etag:
      - '0x8D890A903CB85D2'
      last-modified:
      - Tue, 24 Nov 2020 18:44:46 GMT
      location:
      - https://clibatch000002.canadacentral.batch.azure.com/jobs/job-1
      request-id:
      - d62bcd99-6e16-4bfe-95f8-962ac6e070a0
      server:
      - Microsoft-HTTPAPI/2.0
      strict-transport-security:
      - max-age=31536000; includeSubDomains
      transfer-encoding:
      - chunked
      x-content-type-options:
      - nosniff
    status:
      code: 201
      message: Created
- request:
    body: '{"id": "xplatTask", "displayName": "displayName", "commandLine": "cmd /c
      dir /s", "environmentSettings": [{"name": "env1", "value": "value1"}, {"name":
      "env2", "value": "value2"}], "constraints": {"maxWallClockTime": "P1D", "maxTaskRetryCount":
      2}, "userIdentity": {"autoUser": {"scope": "pool", "elevationLevel": "nonadmin"}},
      "multiInstanceSettings": {"numberOfInstances": 3, "coordinationCommandLine":
      "cmd /c echo hello"}, "authenticationTokenSettings": {"access": ["job"]}}'
    headers:
      Accept:
      - application/json
      Accept-Encoding:
      - gzip, deflate
      Connection:
      - keep-alive
      Content-Length:
      - '478'
      Content-Type:
      - application/json; odata=minimalmetadata; charset=utf-8
      User-Agent:
      - python/3.8.3 (Windows-10-10.0.19041-SP0) msrest/0.6.18 msrest_azure/0.6.3
        azure-batch/9.0.0 Azure-SDK-For-Python
      accept-language:
      - en-US
      ocp-date:
      - Tue, 24 Nov 2020 18:44:46 GMT
    method: POST
    uri: https://clibatch000002.canadacentral.batch.azure.com/jobs/xplatJobForTaskTests/tasks?api-version=2020-03-01.11.0
  response:
    body:
      string: ''
    headers:
      dataserviceid:
      - https://clibatchhh2c7xkzw3lqechq.canadacentral.batch.azure.com/jobs/xplatJobForTaskTests/tasks/xplatTask
      dataserviceversion:
      - '3.0'
      date:
      - Tue, 24 Nov 2020 18:44:46 GMT
      etag:
      - '0x8D890A903EB33F2'
      last-modified:
      - Tue, 24 Nov 2020 18:44:46 GMT
      location:
      - https://clibatch000002.canadacentral.batch.azure.com/jobs/xplatJobForTaskTests/tasks/xplatTask
      request-id:
      - 0c985d9c-a7db-4da5-9096-bd387fd605e1
      server:
      - Microsoft-HTTPAPI/2.0
      strict-transport-security:
      - max-age=31536000; includeSubDomains
      transfer-encoding:
      - chunked
      x-content-type-options:
      - nosniff
    status:
      code: 201
      message: Created
- request:
    body: null
    headers:
      Accept:
      - application/json
      Accept-Encoding:
      - gzip, deflate
      Connection:
      - keep-alive
      User-Agent:
      - python/3.8.3 (Windows-10-10.0.19041-SP0) msrest/0.6.18 msrest_azure/0.6.3
        azure-batch/9.0.0 Azure-SDK-For-Python
      accept-language:
      - en-US
      ocp-date:
      - Tue, 24 Nov 2020 18:44:46 GMT
    method: GET
    uri: https://clibatch000002.canadacentral.batch.azure.com/jobs/xplatJobForTaskTests/tasks/xplatTask?api-version=2020-03-01.11.0
  response:
    body:
      string: "{\r\n  \"odata.metadata\":\"https://clibatch000002.canadacentral.batch.azure.com/$metadata#tasks/@Element\",\"id\":\"xplatTask\",\"displayName\":\"displayName\",\"url\":\"https://clibatch000002.canadacentral.batch.azure.com/jobs/xplatJobForTaskTests/tasks/xplatTask\",\"eTag\":\"0x8D890A903EB33F2\",\"creationTime\":\"2020-11-24T18:44:46.2543858Z\",\"lastModified\":\"2020-11-24T18:44:46.2543858Z\",\"state\":\"active\",\"stateTransitionTime\":\"2020-11-24T18:44:46.2543858Z\",\"commandLine\":\"cmd
        /c dir /s\",\"environmentSettings\":[\r\n    {\r\n      \"name\":\"env1\",\"value\":\"value1\"\r\n
        \   },{\r\n      \"name\":\"env2\",\"value\":\"value2\"\r\n    }\r\n  ],\"userIdentity\":{\r\n
        \   \"autoUser\":{\r\n      \"scope\":\"pool\",\"elevationLevel\":\"nonadmin\"\r\n
        \   }\r\n  },\"multiInstanceSettings\":{\r\n    \"numberOfInstances\":3,\"coordinationCommandLine\":\"cmd
        /c echo hello\"\r\n  },\"authenticationTokenSettings\":{\r\n    \"access\":[\r\n
        \     \"job\"\r\n    ]\r\n  },\"constraints\":{\r\n    \"maxWallClockTime\":\"P1D\",\"retentionTime\":\"P7D\",\"maxTaskRetryCount\":2\r\n
        \ },\"executionInfo\":{\r\n    \"retryCount\":0,\"requeueCount\":0\r\n  }\r\n}"
    headers:
      content-type:
      - application/json;odata=minimalmetadata
      dataserviceversion:
      - '3.0'
      date:
      - Tue, 24 Nov 2020 18:44:46 GMT
      etag:
      - '0x8D890A903EB33F2'
      last-modified:
      - Tue, 24 Nov 2020 18:44:46 GMT
      request-id:
      - 2763f823-d901-4640-859a-a22ab48f175e
      server:
      - Microsoft-HTTPAPI/2.0
      strict-transport-security:
      - max-age=31536000; includeSubDomains
      transfer-encoding:
      - chunked
      x-content-type-options:
      - nosniff
    status:
      code: 200
      message: OK
- request:
    body: null
    headers:
      Accept:
      - application/json
      Accept-Encoding:
      - gzip, deflate
      Connection:
      - keep-alive
      User-Agent:
      - python/3.8.3 (Windows-10-10.0.19041-SP0) msrest/0.6.18 msrest_azure/0.6.3
        azure-batch/9.0.0 Azure-SDK-For-Python
      accept-language:
      - en-US
      ocp-date:
      - Tue, 24 Nov 2020 18:44:46 GMT
      return-client-request-id:
      - 'false'
    method: GET
    uri: https://clibatch000002.canadacentral.batch.azure.com/jobs/xplatJobForTaskTests/tasks/xplatTask?api-version=2020-03-01.11.0&timeout=30
  response:
    body:
      string: "{\r\n  \"odata.metadata\":\"https://clibatch000002.canadacentral.batch.azure.com/$metadata#tasks/@Element\",\"id\":\"xplatTask\",\"displayName\":\"displayName\",\"url\":\"https://clibatch000002.canadacentral.batch.azure.com/jobs/xplatJobForTaskTests/tasks/xplatTask\",\"eTag\":\"0x8D890A903EB33F2\",\"creationTime\":\"2020-11-24T18:44:46.2543858Z\",\"lastModified\":\"2020-11-24T18:44:46.2543858Z\",\"state\":\"active\",\"stateTransitionTime\":\"2020-11-24T18:44:46.2543858Z\",\"commandLine\":\"cmd
        /c dir /s\",\"environmentSettings\":[\r\n    {\r\n      \"name\":\"env1\",\"value\":\"value1\"\r\n
        \   },{\r\n      \"name\":\"env2\",\"value\":\"value2\"\r\n    }\r\n  ],\"userIdentity\":{\r\n
        \   \"autoUser\":{\r\n      \"scope\":\"pool\",\"elevationLevel\":\"nonadmin\"\r\n
        \   }\r\n  },\"multiInstanceSettings\":{\r\n    \"numberOfInstances\":3,\"coordinationCommandLine\":\"cmd
        /c echo hello\"\r\n  },\"authenticationTokenSettings\":{\r\n    \"access\":[\r\n
        \     \"job\"\r\n    ]\r\n  },\"constraints\":{\r\n    \"maxWallClockTime\":\"P1D\",\"retentionTime\":\"P7D\",\"maxTaskRetryCount\":2\r\n
        \ },\"executionInfo\":{\r\n    \"retryCount\":0,\"requeueCount\":0\r\n  }\r\n}"
    headers:
      content-type:
      - application/json;odata=minimalmetadata
      dataserviceversion:
      - '3.0'
      date:
      - Tue, 24 Nov 2020 18:44:46 GMT
      etag:
      - '0x8D890A903EB33F2'
      last-modified:
      - Tue, 24 Nov 2020 18:44:46 GMT
      request-id:
      - dc752e92-0c1e-4b04-8b01-8f0df6f2f1ba
      server:
      - Microsoft-HTTPAPI/2.0
      strict-transport-security:
      - max-age=31536000; includeSubDomains
      transfer-encoding:
      - chunked
      x-content-type-options:
      - nosniff
    status:
      code: 200
      message: OK
- request:
    body: null
    headers:
      Accept:
      - application/json
      Accept-Encoding:
      - gzip, deflate
      Connection:
      - keep-alive
      Content-Length:
      - '0'
      User-Agent:
      - python/3.8.3 (Windows-10-10.0.19041-SP0) msrest/0.6.18 msrest_azure/0.6.3
        azure-batch/9.0.0 Azure-SDK-For-Python
      accept-language:
      - en-US
      ocp-date:
      - Tue, 24 Nov 2020 18:44:46 GMT
      return-client-request-id:
      - 'false'
    method: DELETE
    uri: https://clibatch000002.canadacentral.batch.azure.com/jobs/xplatJobForTaskTests/tasks/xplatTask?api-version=2020-03-01.11.0&timeout=30
  response:
    body:
      string: ''
    headers:
      dataserviceversion:
      - '3.0'
      date:
      - Tue, 24 Nov 2020 18:44:46 GMT
      request-id:
      - 7cc8ba5b-18f3-4e14-870b-62c101780010
      server:
      - Microsoft-HTTPAPI/2.0
      strict-transport-security:
      - max-age=31536000; includeSubDomains
      transfer-encoding:
      - chunked
      x-content-type-options:
      - nosniff
    status:
      code: 200
      message: OK
- request:
    body: '{"id": "aaa", "commandLine": "ping 127.0.0.1 -n 30"}'
    headers:
      Accept:
      - application/json
      Accept-Encoding:
      - gzip, deflate
      Connection:
      - keep-alive
      Content-Length:
      - '52'
      Content-Type:
      - application/json; odata=minimalmetadata; charset=utf-8
      User-Agent:
      - python/3.8.3 (Windows-10-10.0.19041-SP0) msrest/0.6.18 msrest_azure/0.6.3
        azure-batch/9.0.0 Azure-SDK-For-Python
      accept-language:
      - en-US
      ocp-date:
      - Tue, 24 Nov 2020 18:44:46 GMT
    method: POST
    uri: https://clibatch000002.canadacentral.batch.azure.com/jobs/xplatJobForTaskTests/tasks?api-version=2020-03-01.11.0
  response:
    body:
      string: ''
    headers:
      dataserviceid:
      - https://clibatchhh2c7xkzw3lqechq.canadacentral.batch.azure.com/jobs/xplatJobForTaskTests/tasks/aaa
      dataserviceversion:
      - '3.0'
      date:
      - Tue, 24 Nov 2020 18:44:46 GMT
      etag:
      - '0x8D890A90463CBD5'
      last-modified:
      - Tue, 24 Nov 2020 18:44:47 GMT
      location:
      - https://clibatch000002.canadacentral.batch.azure.com/jobs/xplatJobForTaskTests/tasks/aaa
      request-id:
      - 3633da9f-23c5-49a8-9834-251750cdaf89
      server:
      - Microsoft-HTTPAPI/2.0
      strict-transport-security:
      - max-age=31536000; includeSubDomains
      transfer-encoding:
      - chunked
      x-content-type-options:
      - nosniff
    status:
      code: 201
      message: Created
- request:
    body: null
    headers:
      Accept:
      - application/json
      Accept-Encoding:
      - gzip, deflate
      Connection:
      - keep-alive
      User-Agent:
      - python/3.8.3 (Windows-10-10.0.19041-SP0) msrest/0.6.18 msrest_azure/0.6.3
        azure-batch/9.0.0 Azure-SDK-For-Python
      accept-language:
      - en-US
      ocp-date:
      - Tue, 24 Nov 2020 18:44:47 GMT
    method: GET
    uri: https://clibatch000002.canadacentral.batch.azure.com/jobs/xplatJobForTaskTests/tasks/aaa?api-version=2020-03-01.11.0
  response:
    body:
      string: "{\r\n  \"odata.metadata\":\"https://clibatch000002.canadacentral.batch.azure.com/$metadata#tasks/@Element\",\"id\":\"aaa\",\"url\":\"https://clibatch000002.canadacentral.batch.azure.com/jobs/xplatJobForTaskTests/tasks/aaa\",\"eTag\":\"0x8D890A90463CBD5\",\"creationTime\":\"2020-11-24T18:44:47.0447061Z\",\"lastModified\":\"2020-11-24T18:44:47.0447061Z\",\"state\":\"active\",\"stateTransitionTime\":\"2020-11-24T18:44:47.0447061Z\",\"commandLine\":\"ping
        127.0.0.1 -n 30\",\"userIdentity\":{\r\n    \"autoUser\":{\r\n      \"scope\":\"pool\",\"elevationLevel\":\"nonadmin\"\r\n
        \   }\r\n  },\"constraints\":{\r\n    \"maxWallClockTime\":\"P10675199DT2H48M5.4775807S\",\"retentionTime\":\"P7D\",\"maxTaskRetryCount\":5\r\n
        \ },\"executionInfo\":{\r\n    \"retryCount\":0,\"requeueCount\":0\r\n  }\r\n}"
    headers:
      content-type:
      - application/json;odata=minimalmetadata
      dataserviceversion:
      - '3.0'
      date:
      - Tue, 24 Nov 2020 18:44:46 GMT
      etag:
      - '0x8D890A90463CBD5'
      last-modified:
      - Tue, 24 Nov 2020 18:44:47 GMT
      request-id:
      - b6c8ee0d-ff19-4a9a-a959-b4add802369a
      server:
      - Microsoft-HTTPAPI/2.0
      strict-transport-security:
      - max-age=31536000; includeSubDomains
      transfer-encoding:
      - chunked
      x-content-type-options:
      - nosniff
    status:
      code: 200
      message: OK
- request:
    body: null
    headers:
      Accept:
      - application/json
      Accept-Encoding:
      - gzip, deflate
      Connection:
      - keep-alive
      User-Agent:
      - python/3.8.3 (Windows-10-10.0.19041-SP0) msrest/0.6.18 msrest_azure/0.6.3
        azure-batch/9.0.0 Azure-SDK-For-Python
      accept-language:
      - en-US
      ocp-date:
      - Tue, 24 Nov 2020 18:44:57 GMT
      return-client-request-id:
      - 'false'
    method: GET
    uri: https://clibatch000002.canadacentral.batch.azure.com/jobs/xplatJobForTaskTests/taskcounts?api-version=2020-03-01.11.0&timeout=30
  response:
    body:
      string: "{\r\n  \"odata.metadata\":\"https://clibatch000002.canadacentral.batch.azure.com/$metadata#taskcounts/@Element\",\"active\":1,\"running\":0,\"completed\":0,\"succeeded\":0,\"failed\":0\r\n}"
    headers:
      content-type:
      - application/json;odata=minimalmetadata
      dataserviceversion:
      - '3.0'
      date:
      - Tue, 24 Nov 2020 18:44:57 GMT
      request-id:
      - 5c53adcf-ef2a-4704-950f-99705efbfefe
      server:
      - Microsoft-HTTPAPI/2.0
      strict-transport-security:
      - max-age=31536000; includeSubDomains
      transfer-encoding:
      - chunked
      x-content-type-options:
      - nosniff
    status:
      code: 200
      message: OK
- request:
    body: null
    headers:
      Accept:
      - application/json
      Accept-Encoding:
      - gzip, deflate
      Connection:
      - keep-alive
      Content-Length:
      - '0'
      User-Agent:
      - python/3.8.3 (Windows-10-10.0.19041-SP0) msrest/0.6.18 msrest_azure/0.6.3
        azure-batch/9.0.0 Azure-SDK-For-Python
      accept-language:
      - en-US
      ocp-date:
      - Tue, 24 Nov 2020 18:44:57 GMT
      return-client-request-id:
      - 'false'
    method: DELETE
    uri: https://clibatch000002.canadacentral.batch.azure.com/jobs/xplatJobForTaskTests/tasks/aaa?api-version=2020-03-01.11.0&timeout=30
  response:
    body:
      string: ''
    headers:
      dataserviceversion:
      - '3.0'
      date:
      - Tue, 24 Nov 2020 18:44:57 GMT
      request-id:
      - 6c3f9b6b-1ab3-43a2-8794-52347b7f439b
      server:
      - Microsoft-HTTPAPI/2.0
      strict-transport-security:
      - max-age=31536000; includeSubDomains
      transfer-encoding:
      - chunked
      x-content-type-options:
      - nosniff
    status:
      code: 200
      message: OK
- request:
    body: '{"value": [{"id": "xplatTask3", "displayName": "displayName2", "commandLine":
      "cmd /c dir /s", "environmentSettings": [{"name": "env1", "value": "value1"},
      {"name": "env2", "value": "value2"}]}, {"id": "xplatTask2", "displayName": "displayName1",
      "commandLine": "cmd /c dir /s", "constraints": {"maxWallClockTime": "P1D", "maxTaskRetryCount":
      2}}, {"id": "xplatTask1", "displayName": "displayName", "commandLine": "cmd
      /c dir /s", "environmentSettings": [{"name": "env1", "value": "value1"}, {"name":
      "env2", "value": "value2"}], "constraints": {"maxWallClockTime": "P1D", "maxTaskRetryCount":
      2}}]}'
    headers:
      Accept:
      - application/json
      Accept-Encoding:
      - gzip, deflate
      Connection:
      - keep-alive
      Content-Length:
      - '599'
      Content-Type:
      - application/json; odata=minimalmetadata; charset=utf-8
      User-Agent:
      - python/3.8.3 (Windows-10-10.0.19041-SP0) msrest/0.6.18 msrest_azure/0.6.3
        azure-batch/9.0.0 Azure-SDK-For-Python
      accept-language:
      - en-US
      ocp-date:
      - Tue, 24 Nov 2020 18:44:57 GMT
    method: POST
    uri: https://clibatch000002.canadacentral.batch.azure.com/jobs/xplatJobForTaskTests/addtaskcollection?api-version=2020-03-01.11.0
  response:
    body:
      string: "{\r\n  \"odata.metadata\":\"https://clibatch000002.canadacentral.batch.azure.com/$metadata#taskaddresult\",\"value\":[\r\n
        \   {\r\n      \"status\":\"Success\",\"taskId\":\"xplatTask2\",\"eTag\":\"0x8D890A90ADD13F0\",\"lastModified\":\"2020-11-24T18:44:57.9058672Z\",\"location\":\"https://clibatch000002.canadacentral.batch.azure.com/jobs/xplatJobForTaskTests/tasks/xplatTask2\"\r\n
        \   },{\r\n      \"status\":\"Success\",\"taskId\":\"xplatTask3\",\"eTag\":\"0x8D890A90ADD3B18\",\"lastModified\":\"2020-11-24T18:44:57.9068696Z\",\"location\":\"https://clibatch000002.canadacentral.batch.azure.com/jobs/xplatJobForTaskTests/tasks/xplatTask3\"\r\n
        \   },{\r\n      \"status\":\"Success\",\"taskId\":\"xplatTask1\",\"eTag\":\"0x8D890A90AE37CB9\",\"lastModified\":\"2020-11-24T18:44:57.9478713Z\",\"location\":\"https://clibatch000002.canadacentral.batch.azure.com/jobs/xplatJobForTaskTests/tasks/xplatTask1\"\r\n
        \   }\r\n  ]\r\n}"
    headers:
      content-type:
      - application/json;odata=minimalmetadata
      dataserviceversion:
      - '3.0'
      date:
      - Tue, 24 Nov 2020 18:44:57 GMT
      request-id:
      - 0cd57b98-42d7-4a83-abab-4abba82840d9
      server:
      - Microsoft-HTTPAPI/2.0
      strict-transport-security:
      - max-age=31536000; includeSubDomains
      transfer-encoding:
      - chunked
      x-content-type-options:
      - nosniff
    status:
      code: 200
      message: OK
- request:
    body: null
    headers:
      Accept:
      - application/json
      Accept-Encoding:
      - gzip, deflate
      Connection:
      - keep-alive
      Content-Length:
      - '0'
      User-Agent:
      - python/3.8.3 (Windows-10-10.0.19041-SP0) msrest/0.6.18 msrest_azure/0.6.3
        azure-batch/9.0.0 Azure-SDK-For-Python
      accept-language:
      - en-US
      ocp-date:
      - Tue, 24 Nov 2020 18:44:59 GMT
      return-client-request-id:
      - 'false'
    method: DELETE
    uri: https://clibatch000002.canadacentral.batch.azure.com/jobs/xplatJobForTaskTests?api-version=2020-03-01.11.0&timeout=30
  response:
    body:
      string: ''
    headers:
      dataserviceversion:
      - '3.0'
      date:
      - Tue, 24 Nov 2020 18:44:59 GMT
      request-id:
      - f12a66e6-0039-4775-9d57-59d40ce0c5fa
      server:
      - Microsoft-HTTPAPI/2.0
      strict-transport-security:
      - max-age=31536000; includeSubDomains
      transfer-encoding:
      - chunked
      x-content-type-options:
      - nosniff
    status:
      code: 202
      message: Accepted
version: 1
